V27C pass=1 sample=6bba_05b6850b arm=H stage=RAW
V27C pass=1 sample=6bba_05b6850b arm=H stage=P2
V27C pass=1 sample=6bba_05b6850b arm=H stage=P3
V27C pass=1 sample=6bba_05b6850b arm=M0 stage=RAW
V27C pass=1 sample=6bba_05b6850b arm=M0 stage=P2
V27C pass=1 sample=6bba_05b6850b arm=M0 stage=P3
V27C pass=1 sample=6bba_05b6850b arm=M1 stage=RAW
V27C pass=1 sample=6bba_05b6850b arm=M1 stage=P2
V27C pass=1 sample=6bba_05b6850b arm=M1 stage=P3
V27C pass=1 sample=6bba_05b6850b arm=S0 stage=RAW
V27C pass=1 sample=6bba_05b6850b arm=S0 stage=P2
V27C pass=1 sample=6bba_05b6850b arm=S0 stage=P3
V27C pass=1 sample=6bba_05b6850b arm=S1 stage=RAW
V27C pass=1 sample=6bba_05b6850b arm=S1 stage=P2
V27C pass=1 sample=6bba_05b6850b arm=S1 stage=P3
V27C pass=1 sample=6bba_23af9eeb arm=H stage=RAW
V27C pass=1 sample=6bba_23af9eeb arm=H stage=P2
V27C pass=1 sample=6bba_23af9eeb arm=H stage=P3
V27C pass=1 sample=6bba_23af9eeb arm=M0 stage=RAW
V27C pass=1 sample=6bba_23af9eeb arm=M0 stage=P2
V27C pass=1 sample=6bba_23af9eeb arm=M0 stage=P3
V27C pass=1 sample=6bba_23af9eeb arm=M1 stage=RAW
V27C pass=1 sample=6bba_23af9eeb arm=M1 stage=P2
V27C pass=1 sample=6bba_23af9eeb arm=M1 stage=P3
V27C pass=1 sample=6bba_23af9eeb arm=S0 stage=RAW
V27C pass=1 sample=6bba_23af9eeb arm=S0 stage=P2
V27C pass=1 sample=6bba_23af9eeb arm=S0 stage=P3
V27C pass=1 sample=6bba_23af9eeb arm=S1 stage=RAW
V27C pass=1 sample=6bba_23af9eeb arm=S1 stage=P2
V27C pass=1 sample=6bba_23af9eeb arm=S1 stage=P3
V27C pass=1 sample=6bba_2540cd90 arm=H stage=RAW
V27C pass=1 sample=6bba_2540cd90 arm=H stage=P2
V27C pass=1 sample=6bba_2540cd90 arm=H stage=P3
V27C pass=1 sample=6bba_2540cd90 arm=M0 stage=RAW
V27C pass=1 sample=6bba_2540cd90 arm=M0 stage=P2
V27C pass=1 sample=6bba_2540cd90 arm=M0 stage=P3
V27C pass=1 sample=6bba_2540cd90 arm=M1 stage=RAW
V27C pass=1 sample=6bba_2540cd90 arm=M1 stage=P2
V27C pass=1 sample=6bba_2540cd90 arm=M1 stage=P3
V27C pass=1 sample=6bba_2540cd90 arm=S0 stage=RAW
V27C pass=1 sample=6bba_2540cd90 arm=S0 stage=P2
V27C pass=1 sample=6bba_2540cd90 arm=S0 stage=P3
V27C pass=1 sample=6bba_2540cd90 arm=S1 stage=RAW
V27C pass=1 sample=6bba_2540cd90 arm=S1 stage=P2
V27C pass=1 sample=6bba_2540cd90 arm=S1 stage=P3
V27C pass=1 sample=6bba_2646afc7 arm=H stage=RAW
V27C pass=1 sample=6bba_2646afc7 arm=H stage=P2
V27C pass=1 sample=6bba_2646afc7 arm=H stage=P3
V27C pass=1 sample=6bba_2646afc7 arm=M0 stage=RAW
V27C pass=1 sample=6bba_2646afc7 arm=M0 stage=P2
V27C pass=1 sample=6bba_2646afc7 arm=M0 stage=P3
V27C pass=1 sample=6bba_2646afc7 arm=M1 stage=RAW
V27C pass=1 sample=6bba_2646afc7 arm=M1 stage=P2
V27C pass=1 sample=6bba_2646afc7 arm=M1 stage=P3
V27C pass=1 sample=6bba_2646afc7 arm=S0 stage=RAW
V27C pass=1 sample=6bba_2646afc7 arm=S0 stage=P2
V27C pass=1 sample=6bba_2646afc7 arm=S0 stage=P3
V27C pass=1 sample=6bba_2646afc7 arm=S1 stage=RAW
V27C pass=1 sample=6bba_2646afc7 arm=S1 stage=P2
V27C pass=1 sample=6bba_2646afc7 arm=S1 stage=P3
V27C pass=1 sample=6bba_372c8cb8 arm=H stage=RAW
V27C pass=1 sample=6bba_372c8cb8 arm=H stage=P2
V27C pass=1 sample=6bba_372c8cb8 arm=H stage=P3
V27C pass=1 sample=6bba_372c8cb8 arm=M0 stage=RAW
V27C pass=1 sample=6bba_372c8cb8 arm=M0 stage=P2
V27C pass=1 sample=6bba_372c8cb8 arm=M0 stage=P3
V27C pass=1 sample=6bba_372c8cb8 arm=M1 stage=RAW
V27C pass=1 sample=6bba_372c8cb8 arm=M1 stage=P2
V27C pass=1 sample=6bba_372c8cb8 arm=M1 stage=P3
V27C pass=1 sample=6bba_372c8cb8 arm=S0 stage=RAW
V27C pass=1 sample=6bba_372c8cb8 arm=S0 stage=P2
V27C pass=1 sample=6bba_372c8cb8 arm=S0 stage=P3
V27C pass=1 sample=6bba_372c8cb8 arm=S1 stage=RAW
V27C pass=1 sample=6bba_372c8cb8 arm=S1 stage=P2
V27C pass=1 sample=6bba_372c8cb8 arm=S1 stage=P3
V27C pass=1 sample=6bba_3c5691b6 arm=H stage=RAW
V27C pass=1 sample=6bba_3c5691b6 arm=H stage=P2
V27C pass=1 sample=6bba_3c5691b6 arm=H stage=P3
V27C pass=1 sample=6bba_3c5691b6 arm=M0 stage=RAW
V27C pass=1 sample=6bba_3c5691b6 arm=M0 stage=P2
V27C pass=1 sample=6bba_3c5691b6 arm=M0 stage=P3
V27C pass=1 sample=6bba_3c5691b6 arm=M1 stage=RAW
V27C pass=1 sample=6bba_3c5691b6 arm=M1 stage=P2
V27C pass=1 sample=6bba_3c5691b6 arm=M1 stage=P3
V27C pass=1 sample=6bba_3c5691b6 arm=S0 stage=RAW
V27C pass=1 sample=6bba_3c5691b6 arm=S0 stage=P2
V27C pass=1 sample=6bba_3c5691b6 arm=S0 stage=P3
V27C pass=1 sample=6bba_3c5691b6 arm=S1 stage=RAW
V27C pass=1 sample=6bba_3c5691b6 arm=S1 stage=P2
V27C pass=1 sample=6bba_3c5691b6 arm=S1 stage=P3
V27C pass=1 sample=6bba_5b28472a arm=H stage=RAW
V27C pass=1 sample=6bba_5b28472a arm=H stage=P2
V27C pass=1 sample=6bba_5b28472a arm=H stage=P3
V27C pass=1 sample=6bba_5b28472a arm=M0 stage=RAW
V27C pass=1 sample=6bba_5b28472a arm=M0 stage=P2
V27C pass=1 sample=6bba_5b28472a arm=M0 stage=P3
V27C pass=1 sample=6bba_5b28472a arm=M1 stage=RAW
V27C pass=1 sample=6bba_5b28472a arm=M1 stage=P2
V27C pass=1 sample=6bba_5b28472a arm=M1 stage=P3
V27C pass=1 sample=6bba_5b28472a arm=S0 stage=RAW
V27C pass=1 sample=6bba_5b28472a arm=S0 stage=P2
V27C pass=1 sample=6bba_5b28472a arm=S0 stage=P3
V27C pass=1 sample=6bba_5b28472a arm=S1 stage=RAW
V27C pass=1 sample=6bba_5b28472a arm=S1 stage=P2
V27C pass=1 sample=6bba_5b28472a arm=S1 stage=P3
V27C pass=1 sample=6bba_5f89039d arm=H stage=RAW
V27C pass=1 sample=6bba_5f89039d arm=H stage=P2
V27C pass=1 sample=6bba_5f89039d arm=H stage=P3
V27C pass=1 sample=6bba_5f89039d arm=M0 stage=RAW
V27C pass=1 sample=6bba_5f89039d arm=M0 stage=P2
V27C pass=1 sample=6bba_5f89039d arm=M0 stage=P3
V27C pass=1 sample=6bba_5f89039d arm=M1 stage=RAW
V27C pass=1 sample=6bba_5f89039d arm=M1 stage=P2
V27C pass=1 sample=6bba_5f89039d arm=M1 stage=P3
V27C pass=1 sample=6bba_5f89039d arm=S0 stage=RAW
V27C pass=1 sample=6bba_5f89039d arm=S0 stage=P2
V27C pass=1 sample=6bba_5f89039d arm=S0 stage=P3
V27C pass=1 sample=6bba_5f89039d arm=S1 stage=RAW
V27C pass=1 sample=6bba_5f89039d arm=S1 stage=P2
V27C pass=1 sample=6bba_5f89039d arm=S1 stage=P3
V27C pass=1 sample=6bba_718b21f9 arm=H stage=RAW
V27C pass=1 sample=6bba_718b21f9 arm=H stage=P2
V27C pass=1 sample=6bba_718b21f9 arm=H stage=P3
V27C pass=1 sample=6bba_718b21f9 arm=M0 stage=RAW
V27C pass=1 sample=6bba_718b21f9 arm=M0 stage=P2
V27C pass=1 sample=6bba_718b21f9 arm=M0 stage=P3
V27C pass=1 sample=6bba_718b21f9 arm=M1 stage=RAW
V27C pass=1 sample=6bba_718b21f9 arm=M1 stage=P2
V27C pass=1 sample=6bba_718b21f9 arm=M1 stage=P3
V27C pass=1 sample=6bba_718b21f9 arm=S0 stage=RAW
V27C pass=1 sample=6bba_718b21f9 arm=S0 stage=P2
V27C pass=1 sample=6bba_718b21f9 arm=S0 stage=P3
V27C pass=1 sample=6bba_718b21f9 arm=S1 stage=RAW
V27C pass=1 sample=6bba_718b21f9 arm=S1 stage=P2
V27C pass=1 sample=6bba_718b21f9 arm=S1 stage=P3
V27C pass=1 sample=6bba_76db78c1 arm=H stage=RAW
V27C pass=1 sample=6bba_76db78c1 arm=H stage=P2
V27C pass=1 sample=6bba_76db78c1 arm=H stage=P3
V27C pass=1 sample=6bba_76db78c1 arm=M0 stage=RAW
V27C pass=1 sample=6bba_76db78c1 arm=M0 stage=P2
V27C pass=1 sample=6bba_76db78c1 arm=M0 stage=P3
V27C pass=1 sample=6bba_76db78c1 arm=M1 stage=RAW
V27C pass=1 sample=6bba_76db78c1 arm=M1 stage=P2
V27C pass=1 sample=6bba_76db78c1 arm=M1 stage=P3
V27C pass=1 sample=6bba_76db78c1 arm=S0 stage=RAW
V27C pass=1 sample=6bba_76db78c1 arm=S0 stage=P2
V27C pass=1 sample=6bba_76db78c1 arm=S0 stage=P3
V27C pass=1 sample=6bba_76db78c1 arm=S1 stage=RAW
V27C pass=1 sample=6bba_76db78c1 arm=S1 stage=P2
V27C pass=1 sample=6bba_76db78c1 arm=S1 stage=P3
V27C pass=1 sample=6bba_96833384 arm=H stage=RAW
V27C pass=1 sample=6bba_96833384 arm=H stage=P2
V27C pass=1 sample=6bba_96833384 arm=H stage=P3
V27C pass=1 sample=6bba_96833384 arm=M0 stage=RAW
V27C pass=1 sample=6bba_96833384 arm=M0 stage=P2
V27C pass=1 sample=6bba_96833384 arm=M0 stage=P3
V27C pass=1 sample=6bba_96833384 arm=M1 stage=RAW
V27C pass=1 sample=6bba_96833384 arm=M1 stage=P2
V27C pass=1 sample=6bba_96833384 arm=M1 stage=P3
V27C pass=1 sample=6bba_96833384 arm=S0 stage=RAW
V27C pass=1 sample=6bba_96833384 arm=S0 stage=P2
V27C pass=1 sample=6bba_96833384 arm=S0 stage=P3
V27C pass=1 sample=6bba_96833384 arm=S1 stage=RAW
V27C pass=1 sample=6bba_96833384 arm=S1 stage=P2
V27C pass=1 sample=6bba_96833384 arm=S1 stage=P3
V27C pass=1 sample=6bba_b204cac7 arm=H stage=RAW
V27C pass=1 sample=6bba_b204cac7 arm=H stage=P2
V27C pass=1 sample=6bba_b204cac7 arm=H stage=P3
V27C pass=1 sample=6bba_b204cac7 arm=M0 stage=RAW
V27C pass=1 sample=6bba_b204cac7 arm=M0 stage=P2
V27C pass=1 sample=6bba_b204cac7 arm=M0 stage=P3
V27C pass=1 sample=6bba_b204cac7 arm=M1 stage=RAW
V27C pass=1 sample=6bba_b204cac7 arm=M1 stage=P2
V27C pass=1 sample=6bba_b204cac7 arm=M1 stage=P3
V27C pass=1 sample=6bba_b204cac7 arm=S0 stage=RAW
V27C pass=1 sample=6bba_b204cac7 arm=S0 stage=P2
V27C pass=1 sample=6bba_b204cac7 arm=S0 stage=P3
V27C pass=1 sample=6bba_b204cac7 arm=S1 stage=RAW
V27C pass=1 sample=6bba_b204cac7 arm=S1 stage=P2
V27C pass=1 sample=6bba_b204cac7 arm=S1 stage=P3
V27C pass=1 sample=6bba_d0fc38b5 arm=H stage=RAW
V27C pass=1 sample=6bba_d0fc38b5 arm=H stage=P2
V27C pass=1 sample=6bba_d0fc38b5 arm=H stage=P3
V27C pass=1 sample=6bba_d0fc38b5 arm=M0 stage=RAW
V27C pass=1 sample=6bba_d0fc38b5 arm=M0 stage=P2
V27C pass=1 sample=6bba_d0fc38b5 arm=M0 stage=P3
V27C pass=1 sample=6bba_d0fc38b5 arm=M1 stage=RAW
V27C pass=1 sample=6bba_d0fc38b5 arm=M1 stage=P2
V27C pass=1 sample=6bba_d0fc38b5 arm=M1 stage=P3
V27C pass=1 sample=6bba_d0fc38b5 arm=S0 stage=RAW
V27C pass=1 sample=6bba_d0fc38b5 arm=S0 stage=P2
V27C pass=1 sample=6bba_d0fc38b5 arm=S0 stage=P3
V27C pass=1 sample=6bba_d0fc38b5 arm=S1 stage=RAW
V27C pass=1 sample=6bba_d0fc38b5 arm=S1 stage=P2
V27C pass=1 sample=6bba_d0fc38b5 arm=S1 stage=P3
V27C pass=1 sample=6bba_d5eae175 arm=H stage=RAW
V27C pass=1 sample=6bba_d5eae175 arm=H stage=P2
V27C pass=1 sample=6bba_d5eae175 arm=H stage=P3
V27C pass=1 sample=6bba_d5eae175 arm=M0 stage=RAW
V27C pass=1 sample=6bba_d5eae175 arm=M0 stage=P2
V27C pass=1 sample=6bba_d5eae175 arm=M0 stage=P3
V27C pass=1 sample=6bba_d5eae175 arm=M1 stage=RAW
V27C pass=1 sample=6bba_d5eae175 arm=M1 stage=P2
V27C pass=1 sample=6bba_d5eae175 arm=M1 stage=P3
V27C pass=1 sample=6bba_d5eae175 arm=S0 stage=RAW
V27C pass=1 sample=6bba_d5eae175 arm=S0 stage=P2
V27C pass=1 sample=6bba_d5eae175 arm=S0 stage=P3
V27C pass=1 sample=6bba_d5eae175 arm=S1 stage=RAW
V27C pass=1 sample=6bba_d5eae175 arm=S1 stage=P2
V27C pass=1 sample=6bba_d5eae175 arm=S1 stage=P3
V27C pass=1 sample=6bba_ed9377fd arm=H stage=RAW
V27C pass=1 sample=6bba_ed9377fd arm=H stage=P2
V27C pass=1 sample=6bba_ed9377fd arm=H stage=P3
V27C pass=1 sample=6bba_ed9377fd arm=M0 stage=RAW
V27C pass=1 sample=6bba_ed9377fd arm=M0 stage=P2
V27C pass=1 sample=6bba_ed9377fd arm=M0 stage=P3
V27C pass=1 sample=6bba_ed9377fd arm=M1 stage=RAW
V27C pass=1 sample=6bba_ed9377fd arm=M1 stage=P2
V27C pass=1 sample=6bba_ed9377fd arm=M1 stage=P3
V27C pass=1 sample=6bba_ed9377fd arm=S0 stage=RAW
V27C pass=1 sample=6bba_ed9377fd arm=S0 stage=P2
V27C pass=1 sample=6bba_ed9377fd arm=S0 stage=P3
V27C pass=1 sample=6bba_ed9377fd arm=S1 stage=RAW
V27C pass=1 sample=6bba_ed9377fd arm=S1 stage=P2
V27C pass=1 sample=6bba_ed9377fd arm=S1 stage=P3
V27C pass=1 sample=6bba_fc516dc6 arm=H stage=RAW
V27C pass=1 sample=6bba_fc516dc6 arm=H stage=P2
V27C pass=1 sample=6bba_fc516dc6 arm=H stage=P3
V27C pass=1 sample=6bba_fc516dc6 arm=M0 stage=RAW
V27C pass=1 sample=6bba_fc516dc6 arm=M0 stage=P2
V27C pass=1 sample=6bba_fc516dc6 arm=M0 stage=P3
V27C pass=1 sample=6bba_fc516dc6 arm=M1 stage=RAW
V27C pass=1 sample=6bba_fc516dc6 arm=M1 stage=P2
V27C pass=1 sample=6bba_fc516dc6 arm=M1 stage=P3
V27C pass=1 sample=6bba_fc516dc6 arm=S0 stage=RAW
V27C pass=1 sample=6bba_fc516dc6 arm=S0 stage=P2
V27C pass=1 sample=6bba_fc516dc6 arm=S0 stage=P3
V27C pass=1 sample=6bba_fc516dc6 arm=S1 stage=RAW
V27C pass=1 sample=6bba_fc516dc6 arm=S1 stage=P2
V27C pass=1 sample=6bba_fc516dc6 arm=S1 stage=P3
V27C pass=2 sample=6bba_05b6850b arm=H stage=RAW
V27C pass=2 sample=6bba_05b6850b arm=H stage=P2
V27C pass=2 sample=6bba_05b6850b arm=H stage=P3
V27C pass=2 sample=6bba_05b6850b arm=M0 stage=RAW
V27C pass=2 sample=6bba_05b6850b arm=M0 stage=P2
V27C pass=2 sample=6bba_05b6850b arm=M0 stage=P3
V27C pass=2 sample=6bba_05b6850b arm=M1 stage=RAW
V27C pass=2 sample=6bba_05b6850b arm=M1 stage=P2
V27C pass=2 sample=6bba_05b6850b arm=M1 stage=P3
V27C pass=2 sample=6bba_05b6850b arm=S0 stage=RAW
V27C pass=2 sample=6bba_05b6850b arm=S0 stage=P2
V27C pass=2 sample=6bba_05b6850b arm=S0 stage=P3
V27C pass=2 sample=6bba_05b6850b arm=S1 stage=RAW
V27C pass=2 sample=6bba_05b6850b arm=S1 stage=P2
V27C pass=2 sample=6bba_05b6850b arm=S1 stage=P3
V27C pass=2 sample=6bba_23af9eeb arm=H stage=RAW
V27C pass=2 sample=6bba_23af9eeb arm=H stage=P2
V27C pass=2 sample=6bba_23af9eeb arm=H stage=P3
V27C pass=2 sample=6bba_23af9eeb arm=M0 stage=RAW
V27C pass=2 sample=6bba_23af9eeb arm=M0 stage=P2
V27C pass=2 sample=6bba_23af9eeb arm=M0 stage=P3
V27C pass=2 sample=6bba_23af9eeb arm=M1 stage=RAW
V27C pass=2 sample=6bba_23af9eeb arm=M1 stage=P2
V27C pass=2 sample=6bba_23af9eeb arm=M1 stage=P3
V27C pass=2 sample=6bba_23af9eeb arm=S0 stage=RAW
V27C pass=2 sample=6bba_23af9eeb arm=S0 stage=P2
V27C pass=2 sample=6bba_23af9eeb arm=S0 stage=P3
V27C pass=2 sample=6bba_23af9eeb arm=S1 stage=RAW
V27C pass=2 sample=6bba_23af9eeb arm=S1 stage=P2
V27C pass=2 sample=6bba_23af9eeb arm=S1 stage=P3
V27C pass=2 sample=6bba_2540cd90 arm=H stage=RAW
V27C pass=2 sample=6bba_2540cd90 arm=H stage=P2
V27C pass=2 sample=6bba_2540cd90 arm=H stage=P3
V27C pass=2 sample=6bba_2540cd90 arm=M0 stage=RAW
V27C pass=2 sample=6bba_2540cd90 arm=M0 stage=P2
V27C pass=2 sample=6bba_2540cd90 arm=M0 stage=P3
V27C pass=2 sample=6bba_2540cd90 arm=M1 stage=RAW
V27C pass=2 sample=6bba_2540cd90 arm=M1 stage=P2
V27C pass=2 sample=6bba_2540cd90 arm=M1 stage=P3
V27C pass=2 sample=6bba_2540cd90 arm=S0 stage=RAW
V27C pass=2 sample=6bba_2540cd90 arm=S0 stage=P2
V27C pass=2 sample=6bba_2540cd90 arm=S0 stage=P3
V27C pass=2 sample=6bba_2540cd90 arm=S1 stage=RAW
V27C pass=2 sample=6bba_2540cd90 arm=S1 stage=P2
V27C pass=2 sample=6bba_2540cd90 arm=S1 stage=P3
V27C pass=2 sample=6bba_2646afc7 arm=H stage=RAW
V27C pass=2 sample=6bba_2646afc7 arm=H stage=P2
V27C pass=2 sample=6bba_2646afc7 arm=H stage=P3
V27C pass=2 sample=6bba_2646afc7 arm=M0 stage=RAW
V27C pass=2 sample=6bba_2646afc7 arm=M0 stage=P2
V27C pass=2 sample=6bba_2646afc7 arm=M0 stage=P3
V27C pass=2 sample=6bba_2646afc7 arm=M1 stage=RAW
V27C pass=2 sample=6bba_2646afc7 arm=M1 stage=P2
V27C pass=2 sample=6bba_2646afc7 arm=M1 stage=P3
V27C pass=2 sample=6bba_2646afc7 arm=S0 stage=RAW
V27C pass=2 sample=6bba_2646afc7 arm=S0 stage=P2
V27C pass=2 sample=6bba_2646afc7 arm=S0 stage=P3
V27C pass=2 sample=6bba_2646afc7 arm=S1 stage=RAW
V27C pass=2 sample=6bba_2646afc7 arm=S1 stage=P2
V27C pass=2 sample=6bba_2646afc7 arm=S1 stage=P3
V27C pass=2 sample=6bba_372c8cb8 arm=H stage=RAW
V27C pass=2 sample=6bba_372c8cb8 arm=H stage=P2
V27C pass=2 sample=6bba_372c8cb8 arm=H stage=P3
V27C pass=2 sample=6bba_372c8cb8 arm=M0 stage=RAW
V27C pass=2 sample=6bba_372c8cb8 arm=M0 stage=P2
V27C pass=2 sample=6bba_372c8cb8 arm=M0 stage=P3
V27C pass=2 sample=6bba_372c8cb8 arm=M1 stage=RAW
V27C pass=2 sample=6bba_372c8cb8 arm=M1 stage=P2
V27C pass=2 sample=6bba_372c8cb8 arm=M1 stage=P3
V27C pass=2 sample=6bba_372c8cb8 arm=S0 stage=RAW
V27C pass=2 sample=6bba_372c8cb8 arm=S0 stage=P2
V27C pass=2 sample=6bba_372c8cb8 arm=S0 stage=P3
V27C pass=2 sample=6bba_372c8cb8 arm=S1 stage=RAW
V27C pass=2 sample=6bba_372c8cb8 arm=S1 stage=P2
V27C pass=2 sample=6bba_372c8cb8 arm=S1 stage=P3
V27C pass=2 sample=6bba_3c5691b6 arm=H stage=RAW
V27C pass=2 sample=6bba_3c5691b6 arm=H stage=P2
V27C pass=2 sample=6bba_3c5691b6 arm=H stage=P3
V27C pass=2 sample=6bba_3c5691b6 arm=M0 stage=RAW
V27C pass=2 sample=6bba_3c5691b6 arm=M0 stage=P2
V27C pass=2 sample=6bba_3c5691b6 arm=M0 stage=P3
V27C pass=2 sample=6bba_3c5691b6 arm=M1 stage=RAW
V27C pass=2 sample=6bba_3c5691b6 arm=M1 stage=P2
V27C pass=2 sample=6bba_3c5691b6 arm=M1 stage=P3
V27C pass=2 sample=6bba_3c5691b6 arm=S0 stage=RAW
V27C pass=2 sample=6bba_3c5691b6 arm=S0 stage=P2
V27C pass=2 sample=6bba_3c5691b6 arm=S0 stage=P3
V27C pass=2 sample=6bba_3c5691b6 arm=S1 stage=RAW
V27C pass=2 sample=6bba_3c5691b6 arm=S1 stage=P2
V27C pass=2 sample=6bba_3c5691b6 arm=S1 stage=P3
V27C pass=2 sample=6bba_5b28472a arm=H stage=RAW
V27C pass=2 sample=6bba_5b28472a arm=H stage=P2
V27C pass=2 sample=6bba_5b28472a arm=H stage=P3
V27C pass=2 sample=6bba_5b28472a arm=M0 stage=RAW
V27C pass=2 sample=6bba_5b28472a arm=M0 stage=P2
V27C pass=2 sample=6bba_5b28472a arm=M0 stage=P3
V27C pass=2 sample=6bba_5b28472a arm=M1 stage=RAW
V27C pass=2 sample=6bba_5b28472a arm=M1 stage=P2
V27C pass=2 sample=6bba_5b28472a arm=M1 stage=P3
V27C pass=2 sample=6bba_5b28472a arm=S0 stage=RAW
V27C pass=2 sample=6bba_5b28472a arm=S0 stage=P2
V27C pass=2 sample=6bba_5b28472a arm=S0 stage=P3
V27C pass=2 sample=6bba_5b28472a arm=S1 stage=RAW
V27C pass=2 sample=6bba_5b28472a arm=S1 stage=P2
V27C pass=2 sample=6bba_5b28472a arm=S1 stage=P3
V27C pass=2 sample=6bba_5f89039d arm=H stage=RAW
V27C pass=2 sample=6bba_5f89039d arm=H stage=P2
V27C pass=2 sample=6bba_5f89039d arm=H stage=P3
V27C pass=2 sample=6bba_5f89039d arm=M0 stage=RAW
V27C pass=2 sample=6bba_5f89039d arm=M0 stage=P2
V27C pass=2 sample=6bba_5f89039d arm=M0 stage=P3
V27C pass=2 sample=6bba_5f89039d arm=M1 stage=RAW
V27C pass=2 sample=6bba_5f89039d arm=M1 stage=P2
V27C pass=2 sample=6bba_5f89039d arm=M1 stage=P3
V27C pass=2 sample=6bba_5f89039d arm=S0 stage=RAW
V27C pass=2 sample=6bba_5f89039d arm=S0 stage=P2
V27C pass=2 sample=6bba_5f89039d arm=S0 stage=P3
V27C pass=2 sample=6bba_5f89039d arm=S1 stage=RAW
V27C pass=2 sample=6bba_5f89039d arm=S1 stage=P2
V27C pass=2 sample=6bba_5f89039d arm=S1 stage=P3
V27C pass=2 sample=6bba_718b21f9 arm=H stage=RAW
V27C pass=2 sample=6bba_718b21f9 arm=H stage=P2
V27C pass=2 sample=6bba_718b21f9 arm=H stage=P3
V27C pass=2 sample=6bba_718b21f9 arm=M0 stage=RAW
V27C pass=2 sample=6bba_718b21f9 arm=M0 stage=P2
V27C pass=2 sample=6bba_718b21f9 arm=M0 stage=P3
V27C pass=2 sample=6bba_718b21f9 arm=M1 stage=RAW
V27C pass=2 sample=6bba_718b21f9 arm=M1 stage=P2
V27C pass=2 sample=6bba_718b21f9 arm=M1 stage=P3
V27C pass=2 sample=6bba_718b21f9 arm=S0 stage=RAW
V27C pass=2 sample=6bba_718b21f9 arm=S0 stage=P2
V27C pass=2 sample=6bba_718b21f9 arm=S0 stage=P3
V27C pass=2 sample=6bba_718b21f9 arm=S1 stage=RAW
V27C pass=2 sample=6bba_718b21f9 arm=S1 stage=P2
V27C pass=2 sample=6bba_718b21f9 arm=S1 stage=P3
V27C pass=2 sample=6bba_76db78c1 arm=H stage=RAW
V27C pass=2 sample=6bba_76db78c1 arm=H stage=P2
V27C pass=2 sample=6bba_76db78c1 arm=H stage=P3
V27C pass=2 sample=6bba_76db78c1 arm=M0 stage=RAW
V27C pass=2 sample=6bba_76db78c1 arm=M0 stage=P2
V27C pass=2 sample=6bba_76db78c1 arm=M0 stage=P3
V27C pass=2 sample=6bba_76db78c1 arm=M1 stage=RAW
V27C pass=2 sample=6bba_76db78c1 arm=M1 stage=P2
V27C pass=2 sample=6bba_76db78c1 arm=M1 stage=P3
V27C pass=2 sample=6bba_76db78c1 arm=S0 stage=RAW
V27C pass=2 sample=6bba_76db78c1 arm=S0 stage=P2
V27C pass=2 sample=6bba_76db78c1 arm=S0 stage=P3
V27C pass=2 sample=6bba_76db78c1 arm=S1 stage=RAW
V27C pass=2 sample=6bba_76db78c1 arm=S1 stage=P2
V27C pass=2 sample=6bba_76db78c1 arm=S1 stage=P3
V27C pass=2 sample=6bba_96833384 arm=H stage=RAW
V27C pass=2 sample=6bba_96833384 arm=H stage=P2
V27C pass=2 sample=6bba_96833384 arm=H stage=P3
V27C pass=2 sample=6bba_96833384 arm=M0 stage=RAW
V27C pass=2 sample=6bba_96833384 arm=M0 stage=P2
V27C pass=2 sample=6bba_96833384 arm=M0 stage=P3
V27C pass=2 sample=6bba_96833384 arm=M1 stage=RAW
V27C pass=2 sample=6bba_96833384 arm=M1 stage=P2
V27C pass=2 sample=6bba_96833384 arm=M1 stage=P3
V27C pass=2 sample=6bba_96833384 arm=S0 stage=RAW
V27C pass=2 sample=6bba_96833384 arm=S0 stage=P2
V27C pass=2 sample=6bba_96833384 arm=S0 stage=P3
V27C pass=2 sample=6bba_96833384 arm=S1 stage=RAW
V27C pass=2 sample=6bba_96833384 arm=S1 stage=P2
V27C pass=2 sample=6bba_96833384 arm=S1 stage=P3
V27C pass=2 sample=6bba_b204cac7 arm=H stage=RAW
V27C pass=2 sample=6bba_b204cac7 arm=H stage=P2
V27C pass=2 sample=6bba_b204cac7 arm=H stage=P3
V27C pass=2 sample=6bba_b204cac7 arm=M0 stage=RAW
V27C pass=2 sample=6bba_b204cac7 arm=M0 stage=P2
V27C pass=2 sample=6bba_b204cac7 arm=M0 stage=P3
V27C pass=2 sample=6bba_b204cac7 arm=M1 stage=RAW
V27C pass=2 sample=6bba_b204cac7 arm=M1 stage=P2
V27C pass=2 sample=6bba_b204cac7 arm=M1 stage=P3
V27C pass=2 sample=6bba_b204cac7 arm=S0 stage=RAW
V27C pass=2 sample=6bba_b204cac7 arm=S0 stage=P2
V27C pass=2 sample=6bba_b204cac7 arm=S0 stage=P3
V27C pass=2 sample=6bba_b204cac7 arm=S1 stage=RAW
V27C pass=2 sample=6bba_b204cac7 arm=S1 stage=P2
V27C pass=2 sample=6bba_b204cac7 arm=S1 stage=P3
V27C pass=2 sample=6bba_d0fc38b5 arm=H stage=RAW
V27C pass=2 sample=6bba_d0fc38b5 arm=H stage=P2
V27C pass=2 sample=6bba_d0fc38b5 arm=H stage=P3
V27C pass=2 sample=6bba_d0fc38b5 arm=M0 stage=RAW
V27C pass=2 sample=6bba_d0fc38b5 arm=M0 stage=P2
V27C pass=2 sample=6bba_d0fc38b5 arm=M0 stage=P3
V27C pass=2 sample=6bba_d0fc38b5 arm=M1 stage=RAW
V27C pass=2 sample=6bba_d0fc38b5 arm=M1 stage=P2
V27C pass=2 sample=6bba_d0fc38b5 arm=M1 stage=P3
V27C pass=2 sample=6bba_d0fc38b5 arm=S0 stage=RAW
V27C pass=2 sample=6bba_d0fc38b5 arm=S0 stage=P2
V27C pass=2 sample=6bba_d0fc38b5 arm=S0 stage=P3
V27C pass=2 sample=6bba_d0fc38b5 arm=S1 stage=RAW
V27C pass=2 sample=6bba_d0fc38b5 arm=S1 stage=P2
V27C pass=2 sample=6bba_d0fc38b5 arm=S1 stage=P3
V27C pass=2 sample=6bba_d5eae175 arm=H stage=RAW
V27C pass=2 sample=6bba_d5eae175 arm=H stage=P2
V27C pass=2 sample=6bba_d5eae175 arm=H stage=P3
V27C pass=2 sample=6bba_d5eae175 arm=M0 stage=RAW
V27C pass=2 sample=6bba_d5eae175 arm=M0 stage=P2
V27C pass=2 sample=6bba_d5eae175 arm=M0 stage=P3
V27C pass=2 sample=6bba_d5eae175 arm=M1 stage=RAW
V27C pass=2 sample=6bba_d5eae175 arm=M1 stage=P2
V27C pass=2 sample=6bba_d5eae175 arm=M1 stage=P3
V27C pass=2 sample=6bba_d5eae175 arm=S0 stage=RAW
V27C pass=2 sample=6bba_d5eae175 arm=S0 stage=P2
V27C pass=2 sample=6bba_d5eae175 arm=S0 stage=P3
V27C pass=2 sample=6bba_d5eae175 arm=S1 stage=RAW
V27C pass=2 sample=6bba_d5eae175 arm=S1 stage=P2
V27C pass=2 sample=6bba_d5eae175 arm=S1 stage=P3
V27C pass=2 sample=6bba_ed9377fd arm=H stage=RAW
V27C pass=2 sample=6bba_ed9377fd arm=H stage=P2
V27C pass=2 sample=6bba_ed9377fd arm=H stage=P3
V27C pass=2 sample=6bba_ed9377fd arm=M0 stage=RAW
V27C pass=2 sample=6bba_ed9377fd arm=M0 stage=P2
V27C pass=2 sample=6bba_ed9377fd arm=M0 stage=P3
V27C pass=2 sample=6bba_ed9377fd arm=M1 stage=RAW
V27C pass=2 sample=6bba_ed9377fd arm=M1 stage=P2
V27C pass=2 sample=6bba_ed9377fd arm=M1 stage=P3
V27C pass=2 sample=6bba_ed9377fd arm=S0 stage=RAW
V27C pass=2 sample=6bba_ed9377fd arm=S0 stage=P2
V27C pass=2 sample=6bba_ed9377fd arm=S0 stage=P3
V27C pass=2 sample=6bba_ed9377fd arm=S1 stage=RAW
V27C pass=2 sample=6bba_ed9377fd arm=S1 stage=P2
V27C pass=2 sample=6bba_ed9377fd arm=S1 stage=P3
V27C pass=2 sample=6bba_fc516dc6 arm=H stage=RAW
V27C pass=2 sample=6bba_fc516dc6 arm=H stage=P2
V27C pass=2 sample=6bba_fc516dc6 arm=H stage=P3
V27C pass=2 sample=6bba_fc516dc6 arm=M0 stage=RAW
V27C pass=2 sample=6bba_fc516dc6 arm=M0 stage=P2
V27C pass=2 sample=6bba_fc516dc6 arm=M0 stage=P3
V27C pass=2 sample=6bba_fc516dc6 arm=M1 stage=RAW
V27C pass=2 sample=6bba_fc516dc6 arm=M1 stage=P2
V27C pass=2 sample=6bba_fc516dc6 arm=M1 stage=P3
V27C pass=2 sample=6bba_fc516dc6 arm=S0 stage=RAW
V27C pass=2 sample=6bba_fc516dc6 arm=S0 stage=P2
V27C pass=2 sample=6bba_fc516dc6 arm=S0 stage=P3
V27C pass=2 sample=6bba_fc516dc6 arm=S1 stage=RAW
V27C pass=2 sample=6bba_fc516dc6 arm=S1 stage=P2
V27C pass=2 sample=6bba_fc516dc6 arm=S1 stage=P3
